[INFO] Scanning for projects...
[WARNING] 
[WARNING] Some problems were encountered while building the effective model for org.example:calculator:jar:1.0-SNAPSHOT
[WARNING] 'dependencies.dependency.scope' for junit:junit:jar must be one of [provided, compile, runtime, test, system] but is 'Test'. @ line 22, column 20
[WARNING] 
[WARNING] It is highly recommended to fix these problems because they threaten the stability of your build.
[WARNING] 
[WARNING] For this reason, future Maven versions might no longer support building such malformed projects.
[WARNING] 
[INFO] 
[INFO] -----------------------< org.example:calculator >-----------------------
[INFO] Building calculator 1.0-SNAPSHOT
[INFO] --------------------------------[ jar ]---------------------------------
[INFO] 
[INFO] --- maven-clean-plugin:2.5:clean (default-clean) @ calculator ---
[INFO] Deleting /home/vijay/Desktop/temp/spe-mini-project/target
[INFO] 
[INFO] --- maven-resources-plugin:2.6:resources (default-resources) @ calculator ---
[INFO] Using 'UTF-8' encoding to copy filtered resources.
[INFO] skip non existing resourceDirectory /home/vijay/Desktop/temp/spe-mini-project/src/main/resources
[INFO] 
[INFO] --- maven-compiler-plugin:3.1:compile (default-compile) @ calculator ---
[INFO] Changes detected - recompiling the module!
[INFO] Compiling 1 source file to /home/vijay/Desktop/temp/spe-mini-project/target/classes
[INFO] 
[INFO] --- maven-resources-plugin:2.6:testResources (default-testResources) @ calculator ---
[INFO] Using 'UTF-8' encoding to copy filtered resources.
[INFO] skip non existing resourceDirectory /home/vijay/Desktop/temp/spe-mini-project/src/test/resources
[INFO] 
[INFO] --- maven-compiler-plugin:3.1:testCompile (default-testCompile) @ calculator ---
[INFO] Changes detected - recompiling the module!
[INFO] Compiling 1 source file to /home/vijay/Desktop/temp/spe-mini-project/target/test-classes
[INFO] 
[INFO] --- maven-surefire-plugin:2.12.4:test (default-test) @ calculator ---
[INFO] Surefire report directory: /home/vijay/Desktop/temp/spe-mini-project/target/surefire-reports

-------------------------------------------------------
 T E S T S
-------------------------------------------------------
Running CalculatorTest
Tests run: 12, Failures: 0, Errors: 0, Skipped: 0, Time elapsed: 0.576 sec

Results :

Tests run: 12, Failures: 0, Errors: 0, Skipped: 0

[INFO] 
[INFO] --- maven-jar-plugin:2.4:jar (default-jar) @ calculator ---
[INFO] Building jar: /home/vijay/Desktop/temp/spe-mini-project/target/calculator-1.0-SNAPSHOT.jar
[INFO] 
[INFO] --- maven-assembly-plugin:2.2-beta-5:single (default) @ calculator ---
[INFO] META-INF/ already added, skipping
[INFO] META-INF/MANIFEST.MF already added, skipping
[INFO] org/ already added, skipping
[INFO] META-INF/MANIFEST.MF already added, skipping
[INFO] META-INF/ already added, skipping
[INFO] org/ already added, skipping
[INFO] META-INF/MANIFEST.MF already added, skipping
[INFO] META-INF/ already added, skipping
[INFO] META-INF/services/ already added, skipping
[INFO] META-INF/versions/ already added, skipping
[INFO] META-INF/versions/9/ already added, skipping
[INFO] META-INF/versions/9/org/ already added, skipping
[INFO] META-INF/versions/9/org/apache/ already added, skipping
[INFO] META-INF/versions/9/org/apache/logging/ already added, skipping
[INFO] META-INF/versions/9/org/apache/logging/log4j/ already added, skipping
[INFO] org/ already added, skipping
[INFO] org/apache/ already added, skipping
[INFO] org/apache/logging/ already added, skipping
[INFO] org/apache/logging/log4j/ already added, skipping
[INFO] META-INF/maven/ already added, skipping
[INFO] META-INF/maven/org.apache.logging.log4j/ already added, skipping
[INFO] META-INF/DEPENDENCIES already added, skipping
[INFO] META-INF/LICENSE already added, skipping
[INFO] META-INF/NOTICE already added, skipping
[INFO] Building jar: /home/vijay/Desktop/temp/spe-mini-project/target/calculator-1.0-SNAPSHOT-jar-with-dependencies.jar
[INFO] META-INF/ already added, skipping
[INFO] META-INF/MANIFEST.MF already added, skipping
[INFO] org/ already added, skipping
[INFO] META-INF/MANIFEST.MF already added, skipping
[INFO] META-INF/ already added, skipping
[INFO] org/ already added, skipping
[INFO] META-INF/MANIFEST.MF already added, skipping
[INFO] META-INF/ already added, skipping
[INFO] META-INF/services/ already added, skipping
[INFO] META-INF/versions/ already added, skipping
[INFO] META-INF/versions/9/ already added, skipping
[INFO] META-INF/versions/9/org/ already added, skipping
[INFO] META-INF/versions/9/org/apache/ already added, skipping
[INFO] META-INF/versions/9/org/apache/logging/ already added, skipping
[INFO] META-INF/versions/9/org/apache/logging/log4j/ already added, skipping
[INFO] org/ already added, skipping
[INFO] org/apache/ already added, skipping
[INFO] org/apache/logging/ already added, skipping
[INFO] org/apache/logging/log4j/ already added, skipping
[INFO] META-INF/maven/ already added, skipping
[INFO] META-INF/maven/org.apache.logging.log4j/ already added, skipping
[INFO] META-INF/DEPENDENCIES already added, skipping
[INFO] META-INF/LICENSE already added, skipping
[INFO] META-INF/NOTICE already added, skipping
[INFO] 
[INFO] --- maven-install-plugin:2.4:install (default-install) @ calculator ---
[INFO] Installing /home/vijay/Desktop/temp/spe-mini-project/target/calculator-1.0-SNAPSHOT.jar to /home/vijay/.m2/repository/org/example/calculator/1.0-SNAPSHOT/calculator-1.0-SNAPSHOT.jar
[INFO] Installing /home/vijay/Desktop/temp/spe-mini-project/pom.xml to /home/vijay/.m2/repository/org/example/calculator/1.0-SNAPSHOT/calculator-1.0-SNAPSHOT.pom
[INFO] Installing /home/vijay/Desktop/temp/spe-mini-project/target/calculator-1.0-SNAPSHOT-jar-with-dependencies.jar to /home/vijay/.m2/repository/org/example/calculator/1.0-SNAPSHOT/calculator-1.0-SNAPSHOT-jar-with-dependencies.jar
[INFO] 
[INFO] --- maven-resources-plugin:2.6:resources (default-resources) @ calculator ---
[INFO] Using 'UTF-8' encoding to copy filtered resources.
[INFO] skip non existing resourceDirectory /home/vijay/Desktop/temp/spe-mini-project/src/main/resources
[INFO] 
[INFO] --- maven-compiler-plugin:3.1:compile (default-compile) @ calculator ---
[INFO] Nothing to compile - all classes are up to date
[INFO] 
[INFO] --- maven-resources-plugin:2.6:testResources (default-testResources) @ calculator ---
[INFO] Using 'UTF-8' encoding to copy filtered resources.
[INFO] skip non existing resourceDirectory /home/vijay/Desktop/temp/spe-mini-project/src/test/resources
[INFO] 
[INFO] --- maven-compiler-plugin:3.1:testCompile (default-testCompile) @ calculator ---
[INFO] Nothing to compile - all classes are up to date
[INFO] 
[INFO] --- maven-surefire-plugin:2.12.4:test (default-test) @ calculator ---
[INFO] Skipping execution of surefire because it has already been run for this configuration
[INFO] ------------------------------------------------------------------------
[INFO] BUILD SUCCESS
[INFO] ------------------------------------------------------------------------
[INFO] Total time:  4.934 s
[INFO] Finished at: 2023-03-21T01:24:58+05:30
[INFO] ------------------------------------------------------------------------
